Drawable.hpp:298:18:virtual void touchgfx::Drawable::setX(int16_t)	0	static
Drawable.hpp:310:18:virtual void touchgfx::Drawable::setY(int16_t)	0	static
Drawable.hpp:339:18:virtual void touchgfx::Drawable::setWidth(int16_t)	0	static
Drawable.hpp:351:18:virtual void touchgfx::Drawable::setHeight(int16_t)	0	static
Drawable.hpp:361:18:virtual void touchgfx::Drawable::childGeometryChanged()	0	static
Drawable.hpp:372:18:virtual void touchgfx::Drawable::handleClickEvent(const touchgfx::ClickEvent&)	0	static
Drawable.hpp:383:18:virtual void touchgfx::Drawable::handleGestureEvent(const touchgfx::GestureEvent&)	0	static
Drawable.hpp:471:18:virtual void touchgfx::Drawable::handleDragEvent(const touchgfx::DragEvent&)	0	static
Drawable.hpp:481:18:virtual void touchgfx::Drawable::handleTickEvent()	0	static
Drawable.hpp:568:18:virtual void touchgfx::Drawable::moveTo(int16_t, int16_t)	4	static
Container.hpp:165:23:virtual touchgfx::Drawable* touchgfx::Container::getFirstChild()	0	static
ConfigListFilterLogBase.hpp:41:18:virtual void ConfigListFilterLogBase::emitTrigger1Callback()	8	static
DrawableList.hpp:101:21:int16_t touchgfx::DrawableListItems<TYPE, SIZE>::getNumberOfDrawables() [with TYPE = ListTile; int SIZE = 16]	0	static
Callback.hpp:357:8:touchgfx::Callback<ConfigListFilterLog, short int>::~Callback()	0	static
DrawableList.hpp:79:7:touchgfx::DrawableListItems<ListTile, 16>::~DrawableListItems()	16	static
Callback.hpp:386:18:void touchgfx::Callback<dest_type, T1, void, void>::execute(T1) [with dest_type = ConfigListFilterLog; T1 = short int]	8	static
Callback.hpp:396:18:bool touchgfx::Callback<dest_type, T1, void, void>::isValid() const [with dest_type = ConfigListFilterLog; T1 = short int]	0	static
DrawableList.hpp:79:7:virtual touchgfx::DrawableListItems<ListTile, 16>::~DrawableListItems()	8	static
Callback.hpp:357:8:virtual touchgfx::Callback<ConfigListFilterLog, short int>::~Callback()	8	static
ConfigListFilterLog.cpp:17:6:virtual void ConfigListFilterLog::initialize()	8	static
ConfigListFilterLog.cpp:44:6:virtual void ConfigListFilterLog::scrollListUpdateItem(ListTile&, int16_t)	104	static
DrawableList.hpp:82:23:touchgfx::Drawable* touchgfx::DrawableListItems<TYPE, SIZE>::getDrawable(int16_t) [with TYPE = ListTile; int SIZE = 16]	8	static
ConfigListFilterLog.hpp:12:13:ConfigListFilterLog::~ConfigListFilterLog()	8	static
ConfigListFilterLog.hpp:12:13:virtual ConfigListFilterLog::~ConfigListFilterLog()	8	static
Drawable.hpp:394:10:void touchgfx::Drawable::setWidthHeight(int16_t, int16_t)	16	static
ConfigListFilterLog.cpp:11:1:ConfigListFilterLog::ConfigListFilterLog()	8	static
ConfigListFilterLog.cpp:29:6:void ConfigListFilterLog::setHighlighted(int16_t)	0	static
ConfigListFilterLog.cpp:128:9:int16_t ConfigListFilterLog::getHeightNeeded()	8	static
ConfigListFilterLog.cpp:133:6:void ConfigListFilterLog::resizeXY(int, int)	16	static
ConfigListFilterLog.cpp:141:6:void ConfigListFilterLog::setContainerID(ConfigListFilterLog::ListID)	8	static
ConfigListFilterLog.cpp:220:6:void ConfigListFilterLog::setViewCallback(touchgfx::GenericCallback<unsigned char, ConfigListFilterLog*>&)	0	static
DrawableList.hpp:95:11:TYPE& touchgfx::DrawableListItems<TYPE, SIZE>::operator[](int) [with TYPE = ListTile; int SIZE = 16]	8	static
ConfigListFilterLog.cpp:164:6:void ConfigListFilterLog::scrollListItemSelectedHandler(int16_t)	48	static
