Drawable.hpp:298:18:virtual void touchgfx::Drawable::setX(int16_t)	0	static
Drawable.hpp:310:18:virtual void touchgfx::Drawable::setY(int16_t)	0	static
Drawable.hpp:339:18:virtual void touchgfx::Drawable::setWidth(int16_t)	0	static
Drawable.hpp:351:18:virtual void touchgfx::Drawable::setHeight(int16_t)	0	static
Drawable.hpp:361:18:virtual void touchgfx::Drawable::childGeometryChanged()	0	static
Drawable.hpp:372:18:virtual void touchgfx::Drawable::handleClickEvent(const touchgfx::ClickEvent&)	0	static
Drawable.hpp:383:18:virtual void touchgfx::Drawable::handleGestureEvent(const touchgfx::GestureEvent&)	0	static
Drawable.hpp:471:18:virtual void touchgfx::Drawable::handleDragEvent(const touchgfx::DragEvent&)	0	static
Drawable.hpp:481:18:virtual void touchgfx::Drawable::handleTickEvent()	0	static
Drawable.hpp:568:18:virtual void touchgfx::Drawable::moveTo(int16_t, int16_t)	4	static
Container.hpp:165:23:virtual touchgfx::Drawable* touchgfx::Container::getFirstChild()	0	static
CustomContainerTableLog.hpp:15:13:CustomContainerTableLog::~CustomContainerTableLog()	0	static
CustomContainerTableLog.cpp:14:6:virtual void CustomContainerTableLog::initialize()	0	static
CustomContainerTableLog.hpp:15:13:virtual CustomContainerTableLog::~CustomContainerTableLog()	8	static
CustomContainerTableLog.cpp:9:1:CustomContainerTableLog::CustomContainerTableLog()	16	static
CustomContainerTableLog.cpp:19:6:void CustomContainerTableLog::UpdateLog_1(TileInfoTypeDef*)	32	static
CustomContainerTableLog.cpp:49:6:void CustomContainerTableLog::UpdateLog_1_clear()	0	static
CustomContainerTableLog.cpp:55:6:void CustomContainerTableLog::UpdateLog_2(ContainerInfoTypeDef*)	0	static
