Drawable.hpp:298:18:virtual void touchgfx::Drawable::setX(int16_t)	0	static
Drawable.hpp:310:18:virtual void touchgfx::Drawable::setY(int16_t)	0	static
Drawable.hpp:339:18:virtual void touchgfx::Drawable::setWidth(int16_t)	0	static
Drawable.hpp:351:18:virtual void touchgfx::Drawable::setHeight(int16_t)	0	static
Drawable.hpp:361:18:virtual void touchgfx::Drawable::childGeometryChanged()	0	static
Drawable.hpp:372:18:virtual void touchgfx::Drawable::handleClickEvent(const touchgfx::ClickEvent&)	0	static
Drawable.hpp:383:18:virtual void touchgfx::Drawable::handleGestureEvent(const touchgfx::GestureEvent&)	0	static
Drawable.hpp:471:18:virtual void touchgfx::Drawable::handleDragEvent(const touchgfx::DragEvent&)	0	static
Drawable.hpp:481:18:virtual void touchgfx::Drawable::handleTickEvent()	0	static
Drawable.hpp:568:18:virtual void touchgfx::Drawable::moveTo(int16_t, int16_t)	4	static
Container.hpp:165:23:virtual touchgfx::Drawable* touchgfx::Container::getFirstChild()	0	static
CustomContainerButton_keyBase.hpp:47:18:virtual void CustomContainerButton_keyBase::emitTriggerButton_keyCallback()	8	static
CustomContainerButton_key.hpp:10:13:CustomContainerButton_key::~CustomContainerButton_key()	0	static
CustomContainerButton_key.cpp:17:6:virtual void CustomContainerButton_key::functionButtonClick()	0	static
CustomContainerButton_key.cpp:12:6:virtual void CustomContainerButton_key::initialize()	0	static
CustomContainerButton_key.hpp:10:13:virtual CustomContainerButton_key::~CustomContainerButton_key()	8	static
CustomContainerButton_key.cpp:7:1:CustomContainerButton_key::CustomContainerButton_key()	8	static
CustomContainerButton_key.cpp:23:6:void CustomContainerButton_key::initialize_my(touchgfx::Unicode::UnicodeChar)	0	static
