Drawable.hpp:298:18:virtual void touchgfx::Drawable::setX(int16_t)	0	static
Drawable.hpp:310:18:virtual void touchgfx::Drawable::setY(int16_t)	0	static
Drawable.hpp:339:18:virtual void touchgfx::Drawable::setWidth(int16_t)	0	static
Drawable.hpp:351:18:virtual void touchgfx::Drawable::setHeight(int16_t)	0	static
Drawable.hpp:361:18:virtual void touchgfx::Drawable::childGeometryChanged()	0	static
Drawable.hpp:372:18:virtual void touchgfx::Drawable::handleClickEvent(const touchgfx::ClickEvent&)	0	static
Drawable.hpp:383:18:virtual void touchgfx::Drawable::handleGestureEvent(const touchgfx::GestureEvent&)	0	static
Drawable.hpp:471:18:virtual void touchgfx::Drawable::handleDragEvent(const touchgfx::DragEvent&)	0	static
Drawable.hpp:481:18:virtual void touchgfx::Drawable::handleTickEvent()	0	static
Drawable.hpp:568:18:virtual void touchgfx::Drawable::moveTo(int16_t, int16_t)	4	static
Container.hpp:165:23:virtual touchgfx::Drawable* touchgfx::Container::getFirstChild()	0	static
CustomContainerKeyboardBase.hpp:85:18:virtual void CustomContainerKeyboardBase::emitTriggerKeyboardCallback()	16	static
CustomContainerKeyboard.hpp:10:13:CustomContainerKeyboard::~CustomContainerKeyboard()	0	static
CustomContainerKeyboard.cpp:34:6:void CustomContainerKeyboard::UpdateButtonKeyboard()	0	static
CustomContainerKeyboard.cpp:119:6:virtual void CustomContainerKeyboard::ClickButtonShift()	0	static
CustomContainerKeyboard.cpp:131:6:virtual void CustomContainerKeyboard::ClickButtonCloseKeyboard()	16	static
CustomContainerKeyboard.cpp:155:6:virtual void CustomContainerKeyboard::ClickButtonSpace()	4	static
CustomContainerKeyboard.cpp:141:6:virtual void CustomContainerKeyboard::ClickButtonLanguage()	0	static
CustomContainerKeyboard.cpp:168:6:virtual void CustomContainerKeyboard::ClickButtonABC123()	8	static
CustomContainerKeyboard.hpp:10:13:virtual CustomContainerKeyboard::~CustomContainerKeyboard()	8	static
CustomContainerKeyboard.cpp:7:1:CustomContainerKeyboard::CustomContainerKeyboard()	16	static
CustomContainerKeyboard.cpp:11:6:void CustomContainerKeyboard::keyboard_mas_from_cp1251_to_utf8(char*, touchgfx::Unicode::UnicodeChar*, uint16_t)	0	static
CustomContainerKeyboard.cpp:88:6:void CustomContainerKeyboard::UpdateText()	8	static
CustomContainerKeyboard.cpp:23:6:virtual void CustomContainerKeyboard::initialize()	8	static
CustomContainerKeyboard.cpp:97:6:virtual void CustomContainerKeyboard::ClickButtonDelPre()	16	static
CustomContainerKeyboard.cpp:110:6:virtual void CustomContainerKeyboard::ClickButtonDelAll()	0	static
CustomContainerKeyboard.cpp:182:6:virtual void CustomContainerKeyboard::action1()	0	static
