Drawable.hpp:298:18:virtual void touchgfx::Drawable::setX(int16_t)	0	static
Drawable.hpp:310:18:virtual void touchgfx::Drawable::setY(int16_t)	0	static
Drawable.hpp:339:18:virtual void touchgfx::Drawable::setWidth(int16_t)	0	static
Drawable.hpp:351:18:virtual void touchgfx::Drawable::setHeight(int16_t)	0	static
Drawable.hpp:361:18:virtual void touchgfx::Drawable::childGeometryChanged()	0	static
Drawable.hpp:372:18:virtual void touchgfx::Drawable::handleClickEvent(const touchgfx::ClickEvent&)	0	static
Drawable.hpp:383:18:virtual void touchgfx::Drawable::handleGestureEvent(const touchgfx::GestureEvent&)	0	static
Drawable.hpp:471:18:virtual void touchgfx::Drawable::handleDragEvent(const touchgfx::DragEvent&)	0	static
Drawable.hpp:481:18:virtual void touchgfx::Drawable::handleTickEvent()	0	static
Drawable.hpp:568:18:virtual void touchgfx::Drawable::moveTo(int16_t, int16_t)	4	static
Container.hpp:165:23:virtual touchgfx::Drawable* touchgfx::Container::getFirstChild()	0	static
CustomContainerKeyboard_NumBase.hpp:60:18:virtual void CustomContainerKeyboard_NumBase::emitTriggerKeyboard_NumCallback()	16	static
CustomContainerKeyboard_Num.hpp:10:13:CustomContainerKeyboard_Num::~CustomContainerKeyboard_Num()	0	static
CustomContainerKeyboard_Num.cpp:82:6:virtual void CustomContainerKeyboard_Num::ClickButtonEnter()	0	static
CustomContainerKeyboard_Num.cpp:88:6:virtual void CustomContainerKeyboard_Num::ClickButtonCloseKeyboard()	8	static
CustomContainerKeyboard_Num.hpp:10:13:virtual CustomContainerKeyboard_Num::~CustomContainerKeyboard_Num()	8	static
CustomContainerKeyboard_Num.cpp:8:1:CustomContainerKeyboard_Num::CustomContainerKeyboard_Num()	8	static
CustomContainerKeyboard_Num.cpp:13:6:void CustomContainerKeyboard_Num::keyboard_mas_from_cp1251_to_utf8(char*, touchgfx::Unicode::UnicodeChar*, uint16_t)	12	static
CustomContainerKeyboard_Num.cpp:33:6:void CustomContainerKeyboard_Num::UpdateButtonKeyboard()	32	static
CustomContainerKeyboard_Num.cpp:25:6:virtual void CustomContainerKeyboard_Num::initialize()	8	static
CustomContainerKeyboard_Num.cpp:54:6:void CustomContainerKeyboard_Num::UpdateText()	16	static
CustomContainerKeyboard_Num.cpp:73:6:virtual void CustomContainerKeyboard_Num::ClickButtonDelPre()	0	static
CustomContainerKeyboard_Num.cpp:97:6:virtual void CustomContainerKeyboard_Num::action1()	32	static
