Drawable.hpp:298:18:virtual void touchgfx::Drawable::setX(int16_t)	0	static
Drawable.hpp:310:18:virtual void touchgfx::Drawable::setY(int16_t)	0	static
Drawable.hpp:339:18:virtual void touchgfx::Drawable::setWidth(int16_t)	0	static
Drawable.hpp:351:18:virtual void touchgfx::Drawable::setHeight(int16_t)	0	static
Drawable.hpp:361:18:virtual void touchgfx::Drawable::childGeometryChanged()	0	static
Drawable.hpp:372:18:virtual void touchgfx::Drawable::handleClickEvent(const touchgfx::ClickEvent&)	0	static
Drawable.hpp:383:18:virtual void touchgfx::Drawable::handleGestureEvent(const touchgfx::GestureEvent&)	0	static
Drawable.hpp:471:18:virtual void touchgfx::Drawable::handleDragEvent(const touchgfx::DragEvent&)	0	static
Drawable.hpp:481:18:virtual void touchgfx::Drawable::handleTickEvent()	0	static
Drawable.hpp:568:18:virtual void touchgfx::Drawable::moveTo(int16_t, int16_t)	4	static
Container.hpp:165:23:virtual touchgfx::Drawable* touchgfx::Container::getFirstChild()	0	static
ListTileBase.hpp:35:18:virtual void ListTileBase::emitTrigger1Callback()	8	static
ListTile.hpp:10:13:ListTile::~ListTile()	0	static
ListTile.cpp:9:6:virtual void ListTile::initialize()	0	static
ListTile.hpp:10:13:virtual ListTile::~ListTile()	8	static
ListTile.cpp:3:1:ListTile::ListTile()	8	static
ListTile.cpp:14:6:void ListTile::updateText(touchgfx::Unicode::UnicodeChar*)	8	static
ListTile.cpp:20:6:void ListTile::setIndex(uint8_t)	0	static
ListTile.cpp:25:9:uint8_t ListTile::getIndex()	0	static
ListTile.cpp:30:6:void ListTile::setSelected(int)	16	static
ListTile.cpp:38:6:void ListTile::setUnselected()	16	static
ListTile.cpp:45:6:bool ListTile::isSelected()	0	static
