Screen.hpp:104:18:virtual void touchgfx::Screen::afterTransition()	0	static
Screen.hpp:144:18:virtual void touchgfx::Screen::handleTickEvent()	0	static
Screen.hpp:154:18:virtual void touchgfx::Screen::handleKeyEvent(uint8_t)	0	static
Screen2View.hpp:11:13:Screen2View::~Screen2View()	0	static
Screen2View.cpp:30:6:virtual void Screen2View::tearDownScreen()	0	static
Screen2View.cpp:134:6:virtual void Screen2View::functionSaveSettings()	0	static
Screen2View.cpp:142:6:virtual void Screen2View::functionSaveModalWindow()	0	static
Screen2View.cpp:14:6:virtual void Screen2View::setupScreen()	24	static
Screen2View.cpp:50:6:virtual void Screen2View::CallbackcustomContainerKeyboard()	8	static
Screen2View.cpp:84:6:virtual void Screen2View::CallbackcustomContainerKeyboard_Num()	8	static
Screen2View.hpp:11:13:virtual Screen2View::~Screen2View()	8	static
Screen2View.cpp:112:6:virtual void Screen2View::function3()	16	static
Screen2View.cpp:60:6:virtual void Screen2View::function2()	16	static
Screen2View.cpp:9:1:Screen2View::Screen2View()	8	static
Screen2View.cpp:36:6:void Screen2View::keyboard_mas_from_utf8_to_cp1251(touchgfx::Unicode::UnicodeChar*, char*, uint16_t)	12	static
