Screen.hpp:104:18:virtual void touchgfx::Screen::afterTransition()	0	static
Screen.hpp:144:18:virtual void touchgfx::Screen::handleTickEvent()	0	static
Screen.hpp:154:18:virtual void touchgfx::Screen::handleKeyEvent(uint8_t)	0	static
Screen1ViewBase.hpp:117:18:virtual void Screen1ViewBase::functionFilterDate_Type2()	0	static
Screen1View.cpp:89:6:virtual void Screen1View::tearDownScreen()	0	static
Callback.hpp:290:8:touchgfx::Callback<Screen1View, unsigned char, ConfigListFilterLog*>::~Callback()	0	static
DrawableList.hpp:79:7:touchgfx::DrawableListItems<ListTile, 16>::~DrawableListItems()	16	static
Callback.hpp:318:18:void touchgfx::Callback<dest_type, T1, T2, void>::execute(T1, T2) [with dest_type = Screen1View; T1 = unsigned char; T2 = ConfigListFilterLog*]	12	static
Callback.hpp:328:18:bool touchgfx::Callback<dest_type, T1, T2, void>::isValid() const [with dest_type = Screen1View; T1 = unsigned char; T2 = ConfigListFilterLog*]	0	static
DrawableList.hpp:101:21:int16_t touchgfx::DrawableListItems<TYPE, SIZE>::getNumberOfDrawables() [with TYPE = ListTile; int SIZE = 16]	0	static
DrawableList.hpp:79:7:virtual touchgfx::DrawableListItems<ListTile, 16>::~DrawableListItems()	8	static
Callback.hpp:290:8:virtual touchgfx::Callback<Screen1View, unsigned char, ConfigListFilterLog*>::~Callback()	8	static
Screen1View.cpp:351:6:virtual void Screen1View::functionFilterDate()	24	static
Screen1View.cpp:328:6:virtual void Screen1View::functionOkFilDataTime()	32	static
DrawableList.hpp:82:23:touchgfx::Drawable* touchgfx::DrawableListItems<TYPE, SIZE>::getDrawable(int16_t) [with TYPE = ListTile; int SIZE = 16]	8	static
Screen1View.cpp:703:6:void Screen1View::handleListItemSelected(uint8_t, ConfigListFilterLog*)	8	static
Drawable.hpp:216:10:void touchgfx::Drawable::setPosition(int16_t, int16_t, int16_t, int16_t)	24	static
Screen1View.cpp:22:6:virtual void Screen1View::setupScreen()	56	static
Drawable.hpp:568:18:virtual void touchgfx::Drawable::moveTo(int16_t, int16_t)	4	static
Screen1View.cpp:369:6:virtual void Screen1View::functionFilterNum()	24	static
Screen1View.cpp:395:6:virtual void Screen1View::functionFilterNum_Type2()	24	static
Screen1View.cpp:421:6:virtual void Screen1View::functionFilterTypeChannel()	24	static
Screen1View.cpp:446:6:virtual void Screen1View::functionFilterStLoop()	24	static
Screen1View.cpp:471:6:virtual void Screen1View::functionFilterUnit()	24	static
Screen1View.cpp:496:6:virtual void Screen1View::functionFilterUnit_Type2()	24	static
Screen1View.cpp:521:6:virtual void Screen1View::functionFilterThreshold()	24	static
Screen1View.cpp:546:6:virtual void Screen1View::functionFilterErr()	24	static
Screen1View.cpp:571:6:virtual void Screen1View::functionFilterGas()	24	static
Screen1View.cpp:596:6:virtual void Screen1View::functionFilterGas_Type2()	24	static
Screen1View.cpp:623:6:virtual void Screen1View::functionTurnLog1()	24	static
Screen1View.cpp:663:6:virtual void Screen1View::functionTurnLog2()	24	static
ConfigListFilterLog.hpp:12:13:ConfigListFilterLog::~ConfigListFilterLog()	8	static
ConfigListFilterLog.hpp:12:13:virtual ConfigListFilterLog::~ConfigListFilterLog()	8	static
Screen1ViewBase.hpp:26:13:Screen1ViewBase::~Screen1ViewBase()	8	static
Screen1ViewBase.hpp:26:13:virtual Screen1ViewBase::~Screen1ViewBase()	8	static
Screen1View.cpp:15:1:Screen1View::Screen1View()	8	static
BoxWithBorderButtonStyle.hpp:94:10:void touchgfx::BoxWithBorderButtonStyle<T>::setBoxWithBorderColors(touchgfx::colortype, touchgfx::colortype, touchgfx::colortype, touchgfx::colortype) [with T = touchgfx::ClickButtonTrigger]	4	static
Screen1View.cpp:228:6:void Screen1View::PageRefresh()	48	static
Screen1View.cpp:96:6:virtual void Screen1View::functionReadLog()	4	static
Screen1View.cpp:160:6:virtual void Screen1View::functionPageBack()	0	static
Screen1View.cpp:175:6:virtual void Screen1View::functionPageForward()	0	static
Screen1View.cpp:188:6:virtual void Screen1View::functionPage_1()	16	static
Screen1View.cpp:196:6:virtual void Screen1View::functionPage_2()	16	static
Screen1View.cpp:204:6:virtual void Screen1View::functionPage_3()	16	static
Screen1View.cpp:212:6:virtual void Screen1View::functionPage_4()	16	static
Screen1View.cpp:220:6:virtual void Screen1View::functionPage_5()	16	static
Screen1View.hpp:16:13:Screen1View::~Screen1View()	8	static
Screen1View.hpp:16:13:virtual Screen1View::~Screen1View()	8	static
