Screen.hpp:104:18:virtual void touchgfx::Screen::afterTransition()	0	static
Screen.hpp:144:18:virtual void touchgfx::Screen::handleTickEvent()	0	static
Screen.hpp:154:18:virtual void touchgfx::Screen::handleKeyEvent(uint8_t)	0	static
Screen1ViewBase.hpp:30:18:virtual void Screen1ViewBase::scrollList1UpdateItem(CustomContainerScrollList&, int16_t)	0	static
Screen1View.cpp:42:6:virtual void Screen1View::tearDownScreen()	0	static
DrawableList.hpp:79:7:touchgfx::DrawableListItems<CustomContainerScrollList, 8>::~DrawableListItems()	16	static
DrawableList.hpp:101:21:int16_t touchgfx::DrawableListItems<TYPE, SIZE>::getNumberOfDrawables() [with TYPE = CustomContainerScrollList; int SIZE = 8]	0	static
Screen1View.cpp:284:6:virtual void Screen1View::functionFilterData()	16	static
Screen1View.cpp:266:6:virtual void Screen1View::functionOkFilDataTime()	24	static
DrawableList.hpp:79:7:virtual touchgfx::DrawableListItems<CustomContainerScrollList, 8>::~DrawableListItems()	8	static
DrawableList.hpp:82:23:touchgfx::Drawable* touchgfx::DrawableListItems<TYPE, SIZE>::getDrawable(int16_t) [with TYPE = CustomContainerScrollList; int SIZE = 8]	8	static
Drawable.hpp:394:10:void touchgfx::Drawable::setWidthHeight(int16_t, int16_t)	16	static
Screen1View.cpp:17:6:virtual void Screen1View::setupScreen()	40	static
Screen1View.cpp:12:1:Screen1View::Screen1View()	8	static
BoxWithBorderButtonStyle.hpp:94:10:void touchgfx::BoxWithBorderButtonStyle<T>::setBoxWithBorderColors(touchgfx::colortype, touchgfx::colortype, touchgfx::colortype, touchgfx::colortype) [with T = touchgfx::ClickButtonTrigger]	4	static
Screen1View.cpp:178:6:void Screen1View::PageRefresh()	40	static
Screen1View.cpp:49:6:virtual void Screen1View::functionReadLog()	4	static
Screen1View.cpp:110:6:virtual void Screen1View::functionPageBack()	0	static
Screen1View.cpp:125:6:virtual void Screen1View::functionPageForward()	0	static
Screen1View.cpp:138:6:virtual void Screen1View::functionPage_1()	8	static
Screen1View.cpp:146:6:virtual void Screen1View::functionPage_2()	8	static
Screen1View.cpp:154:6:virtual void Screen1View::functionPage_3()	8	static
Screen1View.cpp:162:6:virtual void Screen1View::functionPage_4()	8	static
Screen1View.cpp:170:6:virtual void Screen1View::functionPage_5()	8	static
Screen1View.hpp:16:13:Screen1View::~Screen1View()	8	static
Screen1View.hpp:16:13:virtual Screen1View::~Screen1View()	8	static
