Screen.hpp:104:18:virtual void touchgfx::Screen::afterTransition()	0	static
Screen.hpp:144:18:virtual void touchgfx::Screen::handleTickEvent()	0	static
Screen.hpp:154:18:virtual void touchgfx::Screen::handleKeyEvent(uint8_t)	0	static
Screen1View.cpp:80:6:virtual void Screen1View::tearDownScreen()	0	static
Callback.hpp:290:8:touchgfx::Callback<Screen1View, unsigned char, ConfigListFilterLog*>::~Callback()	0	static
DrawableList.hpp:79:7:touchgfx::DrawableListItems<ListTile, 16>::~DrawableListItems()	16	static
Callback.hpp:318:18:void touchgfx::Callback<dest_type, T1, T2, void>::execute(T1, T2) [with dest_type = Screen1View; T1 = unsigned char; T2 = ConfigListFilterLog*]	12	static
Callback.hpp:328:18:bool touchgfx::Callback<dest_type, T1, T2, void>::isValid() const [with dest_type = Screen1View; T1 = unsigned char; T2 = ConfigListFilterLog*]	0	static
DrawableList.hpp:101:21:int16_t touchgfx::DrawableListItems<TYPE, SIZE>::getNumberOfDrawables() [with TYPE = ListTile; int SIZE = 16]	0	static
DrawableList.hpp:79:7:virtual touchgfx::DrawableListItems<ListTile, 16>::~DrawableListItems()	8	static
Callback.hpp:290:8:virtual touchgfx::Callback<Screen1View, unsigned char, ConfigListFilterLog*>::~Callback()	8	static
Screen1View.cpp:327:6:virtual void Screen1View::functionFilterDate()	24	static
Screen1View.cpp:304:6:virtual void Screen1View::functionOkFilDataTime()	32	static
DrawableList.hpp:82:23:touchgfx::Drawable* touchgfx::DrawableListItems<TYPE, SIZE>::getDrawable(int16_t) [with TYPE = ListTile; int SIZE = 16]	8	static
Screen1View.cpp:516:6:void Screen1View::handleListItemSelected(uint8_t, ConfigListFilterLog*)	8	static
Drawable.hpp:394:10:void touchgfx::Drawable::setWidthHeight(int16_t, int16_t)	16	static
Screen1View.cpp:20:6:virtual void Screen1View::setupScreen()	48	static
Drawable.hpp:568:18:virtual void touchgfx::Drawable::moveTo(int16_t, int16_t)	4	static
Screen1View.cpp:345:6:virtual void Screen1View::functionFilterNum()	32	static
Screen1View.cpp:370:6:virtual void Screen1View::functionFilterTypeChannel()	32	static
Screen1View.cpp:394:6:virtual void Screen1View::functionFilterStLoop()	32	static
Screen1View.cpp:419:6:virtual void Screen1View::functionFilterUnit()	32	static
Screen1View.cpp:443:6:virtual void Screen1View::functionFilterThreshold()	32	static
Screen1View.cpp:467:6:virtual void Screen1View::functionFilterErr()	32	static
Screen1View.cpp:491:6:virtual void Screen1View::functionFilterGas()	32	static
ConfigListFilterLog.hpp:12:13:ConfigListFilterLog::~ConfigListFilterLog()	8	static
ConfigListFilterLog.hpp:12:13:virtual ConfigListFilterLog::~ConfigListFilterLog()	8	static
Screen1ViewBase.hpp:25:13:Screen1ViewBase::~Screen1ViewBase()	8	static
Screen1ViewBase.hpp:25:13:virtual Screen1ViewBase::~Screen1ViewBase()	8	static
Screen1View.cpp:13:1:Screen1View::Screen1View()	8	static
BoxWithBorderButtonStyle.hpp:94:10:void touchgfx::BoxWithBorderButtonStyle<T>::setBoxWithBorderColors(touchgfx::colortype, touchgfx::colortype, touchgfx::colortype, touchgfx::colortype) [with T = touchgfx::ClickButtonTrigger]	4	static
Screen1View.cpp:216:6:void Screen1View::PageRefresh()	48	static
Screen1View.cpp:87:6:virtual void Screen1View::functionReadLog()	4	static
Screen1View.cpp:148:6:virtual void Screen1View::functionPageBack()	0	static
Screen1View.cpp:163:6:virtual void Screen1View::functionPageForward()	0	static
Screen1View.cpp:176:6:virtual void Screen1View::functionPage_1()	16	static
Screen1View.cpp:184:6:virtual void Screen1View::functionPage_2()	16	static
Screen1View.cpp:192:6:virtual void Screen1View::functionPage_3()	16	static
Screen1View.cpp:200:6:virtual void Screen1View::functionPage_4()	16	static
Screen1View.cpp:208:6:virtual void Screen1View::functionPage_5()	16	static
Screen1View.hpp:16:13:Screen1View::~Screen1View()	8	static
Screen1View.hpp:16:13:virtual Screen1View::~Screen1View()	8	static
