Screen.hpp:104:18:virtual void touchgfx::Screen::afterTransition()	0	static
Screen.hpp:144:18:virtual void touchgfx::Screen::handleTickEvent()	0	static
Screen.hpp:154:18:virtual void touchgfx::Screen::handleKeyEvent(uint8_t)	0	static
Screen1View.cpp:42:6:virtual void Screen1View::tearDownScreen()	0	static
Screen1View.cpp:279:6:virtual void Screen1View::functionFilterData()	16	static
Screen1View.cpp:262:6:virtual void Screen1View::functionOkFilDataTime()	16	static
Drawable.hpp:394:10:void touchgfx::Drawable::setWidthHeight(int16_t, int16_t)	16	static
Screen1View.cpp:17:6:virtual void Screen1View::setupScreen()	40	static
Screen1View.cpp:12:1:Screen1View::Screen1View()	8	static
BoxWithBorderButtonStyle.hpp:94:10:void touchgfx::BoxWithBorderButtonStyle<T>::setBoxWithBorderColors(touchgfx::colortype, touchgfx::colortype, touchgfx::colortype, touchgfx::colortype) [with T = touchgfx::ClickButtonTrigger]	4	static
Screen1View.cpp:176:6:void Screen1View::PageRefresh()	40	static
Screen1View.cpp:47:6:virtual void Screen1View::functionReadLog()	4	static
Screen1View.cpp:108:6:virtual void Screen1View::functionPageBack()	0	static
Screen1View.cpp:123:6:virtual void Screen1View::functionPageForward()	0	static
Screen1View.cpp:136:6:virtual void Screen1View::functionPage_1()	8	static
Screen1View.cpp:144:6:virtual void Screen1View::functionPage_2()	8	static
Screen1View.cpp:152:6:virtual void Screen1View::functionPage_3()	8	static
Screen1View.cpp:160:6:virtual void Screen1View::functionPage_4()	8	static
Screen1View.cpp:168:6:virtual void Screen1View::functionPage_5()	8	static
Screen1View.hpp:16:13:Screen1View::~Screen1View()	8	static
Screen1View.hpp:16:13:virtual Screen1View::~Screen1View()	8	static
