Drawable.hpp:132:23:virtual touchgfx::Drawable* touchgfx::Drawable::getFirstChild()	0	static
Drawable.hpp:298:18:virtual void touchgfx::Drawable::setX(int16_t)	0	static
Drawable.hpp:310:18:virtual void touchgfx::Drawable::setY(int16_t)	0	static
Drawable.hpp:339:18:virtual void touchgfx::Drawable::setWidth(int16_t)	0	static
Drawable.hpp:351:18:virtual void touchgfx::Drawable::setHeight(int16_t)	0	static
Drawable.hpp:361:18:virtual void touchgfx::Drawable::childGeometryChanged()	0	static
Drawable.hpp:372:18:virtual void touchgfx::Drawable::handleClickEvent(const touchgfx::ClickEvent&)	0	static
Drawable.hpp:383:18:virtual void touchgfx::Drawable::handleGestureEvent(const touchgfx::GestureEvent&)	0	static
Drawable.hpp:471:18:virtual void touchgfx::Drawable::handleDragEvent(const touchgfx::DragEvent&)	0	static
Drawable.hpp:481:18:virtual void touchgfx::Drawable::handleTickEvent()	0	static
Drawable.hpp:568:18:virtual void touchgfx::Drawable::moveTo(int16_t, int16_t)	4	static
Drawable.hpp:683:18:virtual void touchgfx::Drawable::setupDrawChain(const touchgfx::Rect&, touchgfx::Drawable**)	0	static
Container.hpp:165:23:virtual touchgfx::Drawable* touchgfx::Container::getFirstChild()	0	static
Widget.hpp:47:18:virtual void touchgfx::Widget::getLastChild(int16_t, int16_t, touchgfx::Drawable**)	0	static
ConfigListFilterLogBase.hpp:28:18:virtual void ConfigListFilterLogBase::scrollListUpdateItem(ListTile&, int16_t)	0	static
ConfigListFilterLogBase.hpp:41:18:virtual void ConfigListFilterLogBase::emitTrigger1Callback()	8	static
DrawableList.hpp:101:21:int16_t touchgfx::DrawableListItems<TYPE, SIZE>::getNumberOfDrawables() [with TYPE = ListTile; int SIZE = 16]	0	static
Callback.hpp:218:8:touchgfx::Callback<ConfigListFilterLogBase, touchgfx::DrawableListItemsInterface*, short int, short int>::~Callback()	0	static
DrawableList.hpp:79:7:touchgfx::DrawableListItems<ListTile, 16>::~DrawableListItems()	16	static
ConfigListFilterLogBase.hpp:17:13:ConfigListFilterLogBase::~ConfigListFilterLogBase()	8	static
Callback.hpp:250:18:void touchgfx::Callback<dest_type, T1, T2, T3>::execute(T1, T2, T3) [with dest_type = ConfigListFilterLogBase; T1 = touchgfx::DrawableListItemsInterface*; T2 = short int; T3 = short int]	16	static
Callback.hpp:260:18:bool touchgfx::Callback<dest_type, T1, T2, T3>::isValid() const [with dest_type = ConfigListFilterLogBase; T1 = touchgfx::DrawableListItemsInterface*; T2 = short int; T3 = short int]	0	static
DrawableList.hpp:79:7:virtual touchgfx::DrawableListItems<ListTile, 16>::~DrawableListItems()	8	static
Callback.hpp:218:8:virtual touchgfx::Callback<ConfigListFilterLogBase, touchgfx::DrawableListItemsInterface*, short int, short int>::~Callback()	8	static
ConfigListFilterLogBase.hpp:17:13:virtual ConfigListFilterLogBase::~ConfigListFilterLogBase()	8	static
DrawableList.hpp:82:23:touchgfx::Drawable* touchgfx::DrawableListItems<TYPE, SIZE>::getDrawable(int16_t) [with TYPE = ListTile; int SIZE = 16]	8	static
ConfigListFilterLogBase.cpp:34:6:virtual void ConfigListFilterLogBase::initialize()	16	static
ConfigListFilterLogBase.cpp:43:6:void ConfigListFilterLogBase::updateItemCallbackHandler(touchgfx::DrawableListItemsInterface*, int16_t, int16_t)	16	static
Drawable.hpp:394:10:void touchgfx::Drawable::setWidthHeight(int16_t, int16_t)	16	static
ConfigListFilterLogBase.cpp:7:1:ConfigListFilterLogBase::ConfigListFilterLogBase()	32	static
