Drawable.hpp:132:23:virtual touchgfx::Drawable* touchgfx::Drawable::getFirstChild()	0	static
Drawable.hpp:298:18:virtual void touchgfx::Drawable::setX(int16_t)	0	static
Drawable.hpp:310:18:virtual void touchgfx::Drawable::setY(int16_t)	0	static
Drawable.hpp:339:18:virtual void touchgfx::Drawable::setWidth(int16_t)	0	static
Drawable.hpp:351:18:virtual void touchgfx::Drawable::setHeight(int16_t)	0	static
Drawable.hpp:361:18:virtual void touchgfx::Drawable::childGeometryChanged()	0	static
Drawable.hpp:372:18:virtual void touchgfx::Drawable::handleClickEvent(const touchgfx::ClickEvent&)	0	static
Drawable.hpp:383:18:virtual void touchgfx::Drawable::handleGestureEvent(const touchgfx::GestureEvent&)	0	static
Drawable.hpp:471:18:virtual void touchgfx::Drawable::handleDragEvent(const touchgfx::DragEvent&)	0	static
Drawable.hpp:481:18:virtual void touchgfx::Drawable::handleTickEvent()	0	static
Drawable.hpp:568:18:virtual void touchgfx::Drawable::moveTo(int16_t, int16_t)	4	static
Drawable.hpp:683:18:virtual void touchgfx::Drawable::setupDrawChain(const touchgfx::Rect&, touchgfx::Drawable**)	0	static
Container.hpp:165:23:virtual touchgfx::Drawable* touchgfx::Container::getFirstChild()	0	static
Widget.hpp:47:18:virtual void touchgfx::Widget::getLastChild(int16_t, int16_t, touchgfx::Drawable**)	0	static
TypedText.hpp:65:13:touchgfx::TypedText::~TypedText()	0	static
CustomContainerTableLogBase.hpp:16:13:CustomContainerTableLogBase::~CustomContainerTableLogBase()	0	static
CustomContainerTableLogBase.cpp:140:6:virtual void CustomContainerTableLogBase::initialize()	0	static
TypedText.hpp:65:13:virtual touchgfx::TypedText::~TypedText()	8	static
CustomContainerTableLogBase.hpp:16:13:virtual CustomContainerTableLogBase::~CustomContainerTableLogBase()	8	static
Drawable.hpp:48:5:touchgfx::Drawable::Drawable()	0	static
Drawable.hpp:216:10:void touchgfx::Drawable::setPosition(int16_t, int16_t, int16_t, int16_t)	24	static
BoxWithBorder.hpp:34:5:touchgfx::BoxWithBorder::BoxWithBorder()	8	static
TextAreaWithWildcard.hpp:37:5:touchgfx::TextAreaWithOneWildcard::TextAreaWithOneWildcard()	8	static
CustomContainerTableLogBase.cpp:8:1:CustomContainerTableLogBase::CustomContainerTableLogBase()	128	static
