Drawable.hpp:132:23:virtual touchgfx::Drawable* touchgfx::Drawable::getFirstChild()	0	static
Drawable.hpp:298:18:virtual void touchgfx::Drawable::setX(int16_t)	0	static
Drawable.hpp:310:18:virtual void touchgfx::Drawable::setY(int16_t)	0	static
Drawable.hpp:339:18:virtual void touchgfx::Drawable::setWidth(int16_t)	0	static
Drawable.hpp:351:18:virtual void touchgfx::Drawable::setHeight(int16_t)	0	static
Drawable.hpp:361:18:virtual void touchgfx::Drawable::childGeometryChanged()	0	static
Drawable.hpp:372:18:virtual void touchgfx::Drawable::handleClickEvent(const touchgfx::ClickEvent&)	0	static
Drawable.hpp:383:18:virtual void touchgfx::Drawable::handleGestureEvent(const touchgfx::GestureEvent&)	0	static
Drawable.hpp:471:18:virtual void touchgfx::Drawable::handleDragEvent(const touchgfx::DragEvent&)	0	static
Drawable.hpp:481:18:virtual void touchgfx::Drawable::handleTickEvent()	0	static
Drawable.hpp:568:18:virtual void touchgfx::Drawable::moveTo(int16_t, int16_t)	4	static
Drawable.hpp:683:18:virtual void touchgfx::Drawable::setupDrawChain(const touchgfx::Rect&, touchgfx::Drawable**)	0	static
Container.hpp:165:23:virtual touchgfx::Drawable* touchgfx::Container::getFirstChild()	0	static
Screen.hpp:93:18:virtual void touchgfx::Screen::setupScreen()	0	static
Screen.hpp:104:18:virtual void touchgfx::Screen::afterTransition()	0	static
Screen.hpp:115:18:virtual void touchgfx::Screen::tearDownScreen()	0	static
Screen.hpp:144:18:virtual void touchgfx::Screen::handleTickEvent()	0	static
Screen.hpp:154:18:virtual void touchgfx::Screen::handleKeyEvent(uint8_t)	0	static
Widget.hpp:47:18:virtual void touchgfx::Widget::getLastChild(int16_t, int16_t, touchgfx::Drawable**)	0	static
TypedText.hpp:65:13:touchgfx::TypedText::~TypedText()	0	static
AbstractButtonContainer.hpp:114:18:virtual void touchgfx::AbstractButtonContainer::handlePressedUpdated()	0	static
AbstractButtonContainer.hpp:119:18:virtual void touchgfx::AbstractButtonContainer::handleAlphaUpdated()	0	static
AbstractButtonContainer.hpp:34:7:touchgfx::AbstractButtonContainer::~AbstractButtonContainer()	0	static
View.hpp:36:7:touchgfx::View<Screen1Presenter>::~View()	0	static
Screen1ViewBase.hpp:32:18:virtual void Screen1ViewBase::functionFilterDate()	0	static
Screen1ViewBase.hpp:37:18:virtual void Screen1ViewBase::functionReadLog()	0	static
Screen1ViewBase.hpp:42:18:virtual void Screen1ViewBase::functionPageBack()	0	static
Screen1ViewBase.hpp:47:18:virtual void Screen1ViewBase::functionPageForward()	0	static
Screen1ViewBase.hpp:52:18:virtual void Screen1ViewBase::functionPage_1()	0	static
Screen1ViewBase.hpp:57:18:virtual void Screen1ViewBase::functionPage_2()	0	static
Screen1ViewBase.hpp:62:18:virtual void Screen1ViewBase::functionPage_3()	0	static
Screen1ViewBase.hpp:67:18:virtual void Screen1ViewBase::functionPage_4()	0	static
Screen1ViewBase.hpp:72:18:virtual void Screen1ViewBase::functionPage_5()	0	static
Screen1ViewBase.hpp:77:18:virtual void Screen1ViewBase::functionOkFilDataTime()	0	static
Screen1ViewBase.hpp:82:18:virtual void Screen1ViewBase::functionFilterNum()	0	static
Screen1ViewBase.hpp:87:18:virtual void Screen1ViewBase::functionFilterTypeChannel()	0	static
Screen1ViewBase.hpp:92:18:virtual void Screen1ViewBase::functionFilterStLoop()	0	static
Screen1ViewBase.hpp:97:18:virtual void Screen1ViewBase::functionFilterUnit()	0	static
Screen1ViewBase.hpp:102:18:virtual void Screen1ViewBase::functionFilterThreshold()	0	static
Screen1ViewBase.hpp:107:18:virtual void Screen1ViewBase::functionFilterErr()	0	static
Screen1ViewBase.hpp:112:18:virtual void Screen1ViewBase::functionFilterGas()	0	static
Screen1ViewBase.hpp:117:18:virtual void Screen1ViewBase::functionFilterDate_Type2()	0	static
Screen1ViewBase.hpp:122:18:virtual void Screen1ViewBase::functionFilterNum_Type2()	0	static
Screen1ViewBase.hpp:127:18:virtual void Screen1ViewBase::functionFilterUnit_Type2()	0	static
Screen1ViewBase.hpp:132:18:virtual void Screen1ViewBase::functionFilterGas_Type2()	0	static
Screen1ViewBase.hpp:137:18:virtual void Screen1ViewBase::functionTurnLog1()	0	static
Screen1ViewBase.hpp:142:18:virtual void Screen1ViewBase::functionTurnLog2()	0	static
ClickButtonTrigger.hpp:35:7:touchgfx::ClickButtonTrigger::~ClickButtonTrigger()	0	static
BoxWithBorderButtonStyle.hpp:41:7:touchgfx::BoxWithBorderButtonStyle<touchgfx::ClickButtonTrigger>::~BoxWithBorderButtonStyle()	0	static
BoxWithBorderButtonStyle.hpp:123:18:void touchgfx::BoxWithBorderButtonStyle<T>::handlePressedUpdated() [with T = touchgfx::ClickButtonTrigger]	0	static
TextButtonStyle.hpp:138:18:void touchgfx::TextButtonStyle<T>::handlePressedUpdated() [with T = touchgfx::BoxWithBorderButtonStyle<touchgfx::ClickButtonTrigger>]	8	static
WildcardTextButtonStyle.hpp:156:18:void touchgfx::WildcardTextButtonStyle<T>::handlePressedUpdated() [with T = touchgfx::BoxWithBorderButtonStyle<touchgfx::ClickButtonTrigger>]	8	static
TwoWildcardTextButtonStyle.hpp:167:18:void touchgfx::TwoWildcardTextButtonStyle<T>::handlePressedUpdated() [with T = touchgfx::BoxWithBorderButtonStyle<touchgfx::ClickButtonTrigger>]	8	static
Callback.hpp:357:8:touchgfx::Callback<Screen1ViewBase, const touchgfx::AbstractButtonContainer&>::~Callback()	0	static
Callback.hpp:357:8:touchgfx::Callback<Screen1ViewBase, const touchgfx::AbstractButton&>::~Callback()	0	static
TwoWildcardTextButtonStyle.hpp:52:7:touchgfx::TwoWildcardTextButtonStyle<touchgfx::BoxWithBorderButtonStyle<touchgfx::ClickButtonTrigger> >::~TwoWildcardTextButtonStyle()	0	static
WildcardTextButtonStyle.hpp:51:7:touchgfx::WildcardTextButtonStyle<touchgfx::BoxWithBorderButtonStyle<touchgfx::ClickButtonTrigger> >::~WildcardTextButtonStyle()	0	static
TextButtonStyle.hpp:43:7:touchgfx::TextButtonStyle<touchgfx::BoxWithBorderButtonStyle<touchgfx::ClickButtonTrigger> >::~TextButtonStyle()	0	static
DrawableList.hpp:79:7:touchgfx::DrawableListItems<ListTile, 16>::~DrawableListItems()	16	static
Callback.hpp:386:18:void touchgfx::Callback<dest_type, T1, void, void>::execute(T1) [with dest_type = Screen1ViewBase; T1 = const touchgfx::AbstractButtonContainer&]	8	static
Callback.hpp:396:18:bool touchgfx::Callback<dest_type, T1, void, void>::isValid() const [with dest_type = Screen1ViewBase; T1 = const touchgfx::AbstractButtonContainer&]	0	static
Callback.hpp:386:18:void touchgfx::Callback<dest_type, T1, void, void>::execute(T1) [with dest_type = Screen1ViewBase; T1 = const touchgfx::AbstractButton&]	8	static
Callback.hpp:396:18:bool touchgfx::Callback<dest_type, T1, void, void>::isValid() const [with dest_type = Screen1ViewBase; T1 = const touchgfx::AbstractButton&]	0	static
TwoWildcardTextButtonStyle.hpp:174:18:void touchgfx::TwoWildcardTextButtonStyle<T>::handleAlphaUpdated() [with T = touchgfx::BoxWithBorderButtonStyle<touchgfx::ClickButtonTrigger>]	0	static
WildcardTextButtonStyle.hpp:163:18:void touchgfx::WildcardTextButtonStyle<T>::handleAlphaUpdated() [with T = touchgfx::BoxWithBorderButtonStyle<touchgfx::ClickButtonTrigger>]	0	static
TextButtonStyle.hpp:145:18:void touchgfx::TextButtonStyle<T>::handleAlphaUpdated() [with T = touchgfx::BoxWithBorderButtonStyle<touchgfx::ClickButtonTrigger>]	0	static
BoxWithBorderButtonStyle.hpp:131:18:void touchgfx::BoxWithBorderButtonStyle<T>::handleAlphaUpdated() [with T = touchgfx::ClickButtonTrigger]	0	static
DrawableList.hpp:101:21:int16_t touchgfx::DrawableListItems<TYPE, SIZE>::getNumberOfDrawables() [with TYPE = ListTile; int SIZE = 16]	0	static
TypedText.hpp:65:13:virtual touchgfx::TypedText::~TypedText()	8	static
View.hpp:36:7:virtual touchgfx::View<Screen1Presenter>::~View()	8	static
AbstractButtonContainer.hpp:34:7:virtual touchgfx::AbstractButtonContainer::~AbstractButtonContainer()	8	static
ClickButtonTrigger.hpp:35:7:virtual touchgfx::ClickButtonTrigger::~ClickButtonTrigger()	8	static
DrawableList.hpp:79:7:virtual touchgfx::DrawableListItems<ListTile, 16>::~DrawableListItems()	8	static
Callback.hpp:357:8:virtual touchgfx::Callback<Screen1ViewBase, const touchgfx::AbstractButton&>::~Callback()	8	static
Callback.hpp:357:8:virtual touchgfx::Callback<Screen1ViewBase, const touchgfx::AbstractButtonContainer&>::~Callback()	8	static
BoxWithBorderButtonStyle.hpp:41:7:virtual touchgfx::BoxWithBorderButtonStyle<touchgfx::ClickButtonTrigger>::~BoxWithBorderButtonStyle()	8	static
TwoWildcardTextButtonStyle.hpp:52:7:virtual touchgfx::TwoWildcardTextButtonStyle<touchgfx::BoxWithBorderButtonStyle<touchgfx::ClickButtonTrigger> >::~TwoWildcardTextButtonStyle()	8	static
TextButtonStyle.hpp:43:7:virtual touchgfx::TextButtonStyle<touchgfx::BoxWithBorderButtonStyle<touchgfx::ClickButtonTrigger> >::~TextButtonStyle()	8	static
WildcardTextButtonStyle.hpp:51:7:virtual touchgfx::WildcardTextButtonStyle<touchgfx::BoxWithBorderButtonStyle<touchgfx::ClickButtonTrigger> >::~WildcardTextButtonStyle()	8	static
DrawableList.hpp:82:23:touchgfx::Drawable* touchgfx::DrawableListItems<TYPE, SIZE>::getDrawable(int16_t) [with TYPE = ListTile; int SIZE = 16]	8	static
Screen1ViewBase.cpp:566:6:virtual void Screen1ViewBase::setupScreen()	8	static
AbstractButtonContainer.hpp:99:18:virtual void touchgfx::AbstractButtonContainer::executeAction()	8	static
Screen1ViewBase.cpp:608:6:void Screen1ViewBase::flexButtonCallbackHandler(const touchgfx::AbstractButtonContainer&)	0	static
ClickButtonTrigger.hpp:47:18:virtual void touchgfx::ClickButtonTrigger::handleClickEvent(const touchgfx::ClickEvent&)	16	static
Screen1ViewBase.cpp:597:6:void Screen1ViewBase::buttonCallbackHandler(const touchgfx::AbstractButton&)	8	static
Drawable.hpp:48:5:touchgfx::Drawable::Drawable()	0	static
Drawable.hpp:326:10:void touchgfx::Drawable::setXY(int16_t, int16_t)	16	static
Drawable.hpp:394:10:void touchgfx::Drawable::setWidthHeight(int16_t, int16_t)	16	static
Drawable.hpp:216:10:void touchgfx::Drawable::setPosition(int16_t, int16_t, int16_t, int16_t)	16	static
Box.hpp:33:5:touchgfx::Box::Box()	8	static
ListLayout.hpp:48:5:touchgfx::ListLayout::ListLayout(touchgfx::Direction)	16	static
TextArea.hpp:42:5:touchgfx::TextArea::TextArea()	8	static
ConfigListFilterLog.hpp:12:13:ConfigListFilterLog::~ConfigListFilterLog()	8	static
Screen1ViewBase.hpp:26:13:Screen1ViewBase::~Screen1ViewBase()	8	static
Screen1ViewBase.hpp:26:13:virtual Screen1ViewBase::~Screen1ViewBase()	8	static
ConfigListFilterLog.hpp:12:13:virtual ConfigListFilterLog::~ConfigListFilterLog()	8	static
BoxWithBorderButtonStyle.hpp:94:10:void touchgfx::BoxWithBorderButtonStyle<T>::setBoxWithBorderColors(touchgfx::colortype, touchgfx::colortype, touchgfx::colortype, touchgfx::colortype) [with T = touchgfx::ClickButtonTrigger]	4	static
TextButtonStyle.hpp:57:10:void touchgfx::TextButtonStyle<T>::setText(touchgfx::TypedText) [with T = touchgfx::BoxWithBorderButtonStyle<touchgfx::ClickButtonTrigger>]	16	static
WildcardTextButtonStyle.hpp:65:10:void touchgfx::WildcardTextButtonStyle<T>::setWildcardText(touchgfx::TypedText) [with T = touchgfx::BoxWithBorderButtonStyle<touchgfx::ClickButtonTrigger>]	16	static
WildcardTextButtonStyle.hpp:142:10:void touchgfx::WildcardTextButtonStyle<T>::setWildcardTextColors(touchgfx::colortype, touchgfx::colortype) [with T = touchgfx::BoxWithBorderButtonStyle<touchgfx::ClickButtonTrigger>]	0	static
TwoWildcardTextButtonStyle.hpp:66:10:void touchgfx::TwoWildcardTextButtonStyle<T>::setTwoWildcardText(touchgfx::TypedText) [with T = touchgfx::BoxWithBorderButtonStyle<touchgfx::ClickButtonTrigger>]	16	static
TwoWildcardTextButtonStyle.hpp:153:10:void touchgfx::TwoWildcardTextButtonStyle<T>::setTwoWildcardTextColors(touchgfx::colortype, touchgfx::colortype) [with T = touchgfx::BoxWithBorderButtonStyle<touchgfx::ClickButtonTrigger>]	0	static
BoxWithBorderButtonStyle.hpp:44:5:touchgfx::BoxWithBorderButtonStyle<T>::BoxWithBorderButtonStyle() [with T = touchgfx::ClickButtonTrigger]	16	static
WildcardTextButtonStyle.hpp:54:5:touchgfx::WildcardTextButtonStyle<T>::WildcardTextButtonStyle() [with T = touchgfx::BoxWithBorderButtonStyle<touchgfx::ClickButtonTrigger>]	16	static
TwoWildcardTextButtonStyle.hpp:55:5:touchgfx::TwoWildcardTextButtonStyle<T>::TwoWildcardTextButtonStyle() [with T = touchgfx::BoxWithBorderButtonStyle<touchgfx::ClickButtonTrigger>]	16	static
TextButtonStyle.hpp:46:5:touchgfx::TextButtonStyle<T>::TextButtonStyle() [with T = touchgfx::BoxWithBorderButtonStyle<touchgfx::ClickButtonTrigger>]	16	static
Screen1ViewBase.cpp:9:1:Screen1ViewBase::Screen1ViewBase()	344	static
