stm32f4xx_hal_msp.c:64:6:HAL_MspInit	8	static
stm32f4xx_hal_msp.c:88:6:HAL_CRC_MspInit	8	static
stm32f4xx_hal_msp.c:110:6:HAL_CRC_MspDeInit	0	static
stm32f4xx_hal_msp.c:132:6:HAL_DMA2D_MspInit	16	static
stm32f4xx_hal_msp.c:157:6:HAL_DMA2D_MspDeInit	0	static
stm32f4xx_hal_msp.c:182:6:HAL_DSI_MspInit	40	static
stm32f4xx_hal_msp.c:220:6:HAL_DSI_MspDeInit	8	static
stm32f4xx_hal_msp.c:250:6:HAL_I2C_MspInit	48	static
stm32f4xx_hal_msp.c:293:6:HAL_I2C_MspDeInit	8	static
stm32f4xx_hal_msp.c:324:6:HAL_LTDC_MspInit	72	static
stm32f4xx_hal_msp.c:361:6:HAL_LTDC_MspDeInit	0	static
stm32f4xx_hal_msp.c:386:6:HAL_QSPI_MspInit	56	static
stm32f4xx_hal_msp.c:441:6:HAL_QSPI_MspDeInit	8	static
stm32f4xx_hal_msp.c:607:6:HAL_SDRAM_MspInit	48	static
stm32f4xx_hal_msp.c:716:6:HAL_SDRAM_MspDeInit	8	static
